[2025-08-04 01:04:30] ⏳ Connecting to teuk.org:6667 as mb1...
[2025-08-04 01:04:30] 🔌 Connected. Awaiting welcome...
[2025-08-04 01:04:30] 🏁 Setup complete. Running...
[2025-08-04 01:04:30] [IRC TEXT] <> [] Protocol::IRC::Message[cmd=NOTICE,args=(AUTH,*** Looking up your hostname)]
